[2025-11-05 09:48:52] {"option":"get_modules"}
[2025-11-05 09:48:52] <!DOCTYPE HTML PUBLIC "-//IETF//DTD HTML 2.0//EN">
<html><head>
<title>404 Not Found</title>
</head><body>
<h1>Not Found</h1>
<p>The requested URL was not found on this server.</p>
<hr>
<address>Apache/2.4.65 (Debian) Server at 72.60.25.185 Port 80</address>
</body></html>

[2025-11-05 09:48:52] 
[2025-11-05 09:48:52] 404
[2025-11-05 09:49:55] {"option":"get_modules"}
[2025-11-05 09:49:55] {"sip":{"get_sip_user":{"description":"get sip user info","required fields":"id_user","return fields":["id_user","SIP user","callerid","Username"]}}}
[2025-11-05 09:49:55] 
[2025-11-05 09:49:55] 200
[2025-11-05 09:50:48] {"option":"get_modules"}
[2025-11-05 09:50:48] {"sip":{"get_sip_user":{"description":"get sip user info","required fields":"id_user","return fields":["id_user","SIP user","callerid","Username"]}}}
[2025-11-05 09:50:48] 
[2025-11-05 09:50:48] 200
[2025-11-05 09:50:49] {"id_user":"24"}
[2025-11-05 09:50:49] {"success":false,"error":"Option not found!"}
[2025-11-05 09:50:49] 
[2025-11-05 09:50:49] 404
[2025-11-05 09:51:26] {"option":"get_modules"}
[2025-11-05 09:51:26] {"sip":{"get_sip_user":{"description":"get sip user info","required fields":"id_user","return fields":["id_user","SIP user","callerid","Username"]}}}
[2025-11-05 09:51:26] 
[2025-11-05 09:51:26] 200
[2025-11-05 09:51:27] {"id_user":"24","option":"get_sip_user"}
[2025-11-05 09:51:27] {"success":true,"result":{"id_user":24,"SIP user":"testuserIVR","callerid":"2002052500","Username":"testuserIVR"}}
[2025-11-05 09:51:27] 
[2025-11-05 09:51:27] 200
[2025-11-05 09:51:59] {"option":"get_modules"}
[2025-11-05 09:51:59] {"sip":{"get_sip_user":{"description":"get sip user info","required fields":"id_user","return fields":["id_user","SIP user","callerid","Username"]}}}
[2025-11-05 09:51:59] 
[2025-11-05 09:51:59] 200
[2025-11-05 09:52:01] {"id_user":"24","option":"get_sip_user"}
[2025-11-05 09:52:01] {"success":true,"result":{"id_user":24,"SIP user":"testuserIVR","callerid":"2002052500","Username":"testuserIVR"}}
[2025-11-05 09:52:01] 
[2025-11-05 09:52:01] 200
[2025-11-05 09:52:05] {"id_user":"20","option":"get_sip_user"}
[2025-11-05 09:52:05] {"success":true,"result":[false]}
[2025-11-05 09:52:05] 
[2025-11-05 09:52:05] 200
[2025-11-05 11:22:59] {"option":"get_modules"}
[2025-11-05 11:22:59] {"sip":{"get_sip_user":{"description":"get sip user info","required fields":{"field":["id_user","SIP user","callerid","Username"],"0":"field_value"},"return fields":["id_user","SIP user","callerid","Username"]}}}
[2025-11-05 11:22:59] 
[2025-11-05 11:22:59] 200
[2025-11-05 11:23:00] {"field":"id_user","field_value":"24","option":"get_sip_user"}
[2025-11-05 11:23:00] {"success":false,"error":"Invalid Field"}
[2025-11-05 11:23:00] 
[2025-11-05 11:23:00] 400
[2025-11-05 11:23:03] {"field":"id_user","field_value":"20","option":"get_sip_user"}
[2025-11-05 11:23:03] {"success":false,"error":"Invalid Field"}
[2025-11-05 11:23:03] 
[2025-11-05 11:23:03] 400
[2025-11-05 11:25:14] {"option":"get_modules"}
[2025-11-05 11:25:14] {"sip":{"get_sip_user":{"description":"get sip user info","required fields":{"field":["id_user","SIP user","callerid","Username"],"0":"field_value"},"return fields":["id_user","SIP user","callerid","Username"]}}}
[2025-11-05 11:25:14] 
[2025-11-05 11:25:14] 200
[2025-11-05 11:25:16] {"field":"id_user","field_value":"24","option":"get_sip_user"}
[2025-11-05 11:25:16] {"success":true,"result":{"id":25,"id_user":24,"SIP user":"testuserIVR","callerid":"2002052500","Username":"testuserIVR"}}
[2025-11-05 11:25:16] 
[2025-11-05 11:25:16] 200
[2025-11-05 11:25:17] {"field":"id_user","field_value":"20","option":"get_sip_user"}
[2025-11-05 11:25:17] {"success":true,"result":[false]}
[2025-11-05 11:25:17] 
[2025-11-05 11:25:17] 200
[2025-11-05 11:26:19] {"option":"get_modules"}
[2025-11-05 11:26:19] {"sip":{"get_sip_user":{"description":"get sip user info","required fields":{"field":["id","id_user","SIP user","callerid","Username"],"0":"field_value"},"return fields":["id","id_user","SIP user","callerid","Username"]}}}
[2025-11-05 11:26:19] 
[2025-11-05 11:26:19] 200
[2025-11-05 11:26:20] {"field":"id_user","field_value":"24","option":"get_sip_user"}
[2025-11-05 11:26:20] {"success":true,"result":{"id":25,"id_user":24,"SIP user":"testuserIVR","callerid":"2002052500","Username":"testuserIVR"}}
[2025-11-05 11:26:20] 
[2025-11-05 11:26:20] 200
[2025-11-05 11:26:22] {"field":"id_user","field_value":"20","option":"get_sip_user"}
[2025-11-05 11:26:22] {"success":true,"result":[false]}
[2025-11-05 11:26:22] 
[2025-11-05 11:26:22] 200
[2025-11-05 11:52:55] {"field":"id","field_value":"20","option":"get_sip_user"}
[2025-11-05 11:52:55] {"success":true,"result":{"id":20,"id_user":21,"SIP user":"ldata","callerid":"193093893802","Username":"ldata"}}
[2025-11-05 11:52:55] 
[2025-11-05 11:52:55] 200
[2025-11-05 11:54:05] {"field":"id_user","field_value":"20","option":"get_sip_user"}
[2025-11-05 11:54:05] {"success":true,"result":[false]}
[2025-11-05 11:54:05] 
[2025-11-05 11:54:05] 200
[2025-11-05 11:54:50] {"field":"id","field_value":"20","option":"get_sip_user"}
[2025-11-05 11:54:50] {"success":true,"result":{"id":20,"id_user":21,"SIP user":"ldata","callerid":"193093893802","Username":"ldata"}}
[2025-11-05 11:54:50] 
[2025-11-05 11:54:50] 200
[2025-11-05 12:00:21] {"field":"id","field_value":"20","option":"get_sip_user"}
[2025-11-05 12:00:21] {"success":true,"result":{"id":20,"id_user":21,"SIP user":"ldata","callerid":"193093893802","Username":"ldata"}}
[2025-11-05 12:00:21] 
[2025-11-05 12:00:21] 200
[2025-11-05 12:02:13] {"field":"id","field_value":"20","option":"get_sip_user"}
[2025-11-05 12:02:13] {"success":true,"result":{"id":20,"id_user":21,"SIP user":"ldata","callerid":"193093893802","Username":"ldata"}}
[2025-11-05 12:02:13] 
[2025-11-05 12:02:13] 200
[2025-11-05 12:04:03] {"field":"id","field_value":"20","option":"get_sip_user"}
[2025-11-05 12:04:03] {"success":true,"result":{"id":20,"id_user":21,"SIP user":"ldata","callerid":"193093893802","Username":"ldata"}}
[2025-11-05 12:04:03] 
[2025-11-05 12:04:03] 200
[2025-11-05 12:04:52] {"field":"id","field_value":"20","option":"get_sip_user"}
[2025-11-05 12:04:52] {"success":true,"result":{"id":20,"id_user":21,"SIP user":"ldata","callerid":"193093893802","Username":"ldata"}}
[2025-11-05 12:04:52] 
[2025-11-05 12:04:52] 200
[2025-11-05 12:05:51] {"field":"id","field_value":"20","option":"get_sip_user"}
[2025-11-05 12:05:51] {"success":true,"result":{"id":20,"id_user":21,"SIP user":"ldata","callerid":"193093893802","Username":"ldata"}}
[2025-11-05 12:05:51] 
[2025-11-05 12:05:51] 200
[2025-11-05 12:08:19] {"field":"id","field_value":"20","option":"get_sip_user"}
[2025-11-05 12:08:19] {"success":true,"result":{"id":20,"id_user":21,"SIP user":"ldata","callerid":"193093893802","Username":"ldata"}}
[2025-11-05 12:08:19] 
[2025-11-05 12:08:19] 200
[2025-11-05 12:09:06] {"field":"id","field_value":"20","option":"get_sip_user"}
[2025-11-05 12:09:06] {"success":true,"result":{"id":20,"id_user":21,"SIP user":"ldata","callerid":"193093893802","Username":"ldata"}}
[2025-11-05 12:09:06] 
[2025-11-05 12:09:06] 200
[2025-11-05 12:10:14] {"field":"id","field_value":"20","option":"get_sip_user"}
[2025-11-05 12:10:14] {"success":true,"result":{"id":20,"id_user":21,"SIP user":"ldata","callerid":"193093893802","Username":"ldata"}}
[2025-11-05 12:10:14] 
[2025-11-05 12:10:14] 200
[2025-11-05 12:10:58] {"field":"id","field_value":"20","option":"get_sip_user"}
[2025-11-05 12:10:58] {"success":true,"result":{"id":20,"id_user":21,"SIP user":"ldata","callerid":"193093893802","Username":"ldata"}}
[2025-11-05 12:10:58] 
[2025-11-05 12:10:58] 200
[2025-11-05 12:11:35] {"field":"id","field_value":"20","option":"get_sip_user"}
[2025-11-05 12:11:35] {"success":true,"result":{"id":20,"id_user":21,"SIP user":"ldata","callerid":"193093893802","Username":"ldata"}}
[2025-11-05 12:11:35] 
[2025-11-05 12:11:35] 200
[2025-11-05 12:14:44] {"field":"id","field_value":"20","option":"get_sip_user"}
[2025-11-05 12:14:44] {"success":true,"result":{"id":20,"id_user":21,"SIP user":"ldata","callerid":"193093893802","Username":"ldata"}}
[2025-11-05 12:14:44] 
[2025-11-05 12:14:44] 200
[2025-11-05 12:15:45] {"field":"id","field_value":"20","option":"get_sip_user"}
[2025-11-05 12:15:45] {"success":true,"result":{"id":20,"id_user":21,"SIP user":"ldata","callerid":"193093893802","Username":"ldata"}}
[2025-11-05 12:15:45] 
[2025-11-05 12:15:45] 200
[2025-11-05 12:15:56] {"field":"id","field_value":"20","option":"get_sip_user"}
[2025-11-05 12:15:56] {"success":true,"result":{"id":20,"id_user":21,"SIP user":"ldata","callerid":"193093893802","Username":"ldata"}}
[2025-11-05 12:15:56] 
[2025-11-05 12:15:56] 200
[2025-11-05 12:16:51] {"field":"id","field_value":"20","option":"get_sip_user"}
[2025-11-05 12:16:51] {"success":true,"result":{"id":20,"id_user":21,"SIP user":"ldata","callerid":"193093893802","Username":"ldata"}}
[2025-11-05 12:16:51] 
[2025-11-05 12:16:51] 200
[2025-11-05 12:17:04] {"field":"id","field_value":"20","option":"get_sip_user"}
[2025-11-05 12:17:04] {"success":true,"result":{"id":20,"id_user":21,"SIP user":"ldata","callerid":"193093893802","Username":"ldata"}}
[2025-11-05 12:17:04] 
[2025-11-05 12:17:04] 200
[2025-11-05 12:17:57] {"field":"id","field_value":"20","option":"get_sip_user"}
[2025-11-05 12:17:57] {"success":true,"result":{"id":20,"id_user":21,"SIP user":"ldata","callerid":"193093893802","Username":"ldata"}}
[2025-11-05 12:17:57] 
[2025-11-05 12:17:57] 200
[2025-11-05 22:31:51] {"field":"id","field_value":"20","option":"get_sip_user"}
[2025-11-05 22:31:51] {"success":true,"result":{"id":20,"id_user":21,"SIP user":"ldata","callerid":"193093893802","Username":"ldata"}}
[2025-11-05 22:31:51] 
[2025-11-05 22:31:51] 200
[2025-11-05 22:33:17] {"field":"id","field_value":"20","option":"get_sip_user"}
[2025-11-05 22:33:17] {"success":true,"result":{"id":20,"id_user":21,"SIP user":"ldata","callerid":"193093893802","Username":"ldata"}}
[2025-11-05 22:33:17] 
[2025-11-05 22:33:17] 200
[2025-11-05 22:35:50] {"field":"id","field_value":"20","option":"get_sip_user"}
[2025-11-05 22:35:50] {"success":true,"result":{"id":20,"id_user":21,"SIP user":"ldata","callerid":"193093893802","Username":"ldata"}}
[2025-11-05 22:35:50] 
[2025-11-05 22:35:50] 200
[2025-11-05 22:36:38] {"field":"id","field_value":"20","option":"get_sip_user"}
[2025-11-05 22:36:38] {"success":true,"result":{"id":20,"id_user":21,"SIP user":"ldata","callerid":"193093893802","Username":"ldata"}}
[2025-11-05 22:36:38] 
[2025-11-05 22:36:38] 200
[2025-11-05 22:42:28] {"field":"id","field_value":"20","option":"get_sip_user"}
[2025-11-05 22:42:28] {"success":true,"result":{"id":20,"id_user":21,"SIP user":"ldata","callerid":"193093893802","Username":"ldata"}}
[2025-11-05 22:42:28] 
[2025-11-05 22:42:28] 200
[2025-11-05 22:44:38] {"field":"id","field_value":"20","option":"get_sip_user"}
[2025-11-05 22:44:38] {"success":true,"result":{"id":20,"id_user":21,"SIP user":"ldata","callerid":"193093893802","Username":"ldata"}}
[2025-11-05 22:44:38] 
[2025-11-05 22:44:38] 200
[2025-11-07 16:13:20] {"field":"id","field_value":"20","option":"get_sip_user"}
[2025-11-07 16:13:20] {"success":true,"result":{"id":20,"id_user":21,"SIP user":"ldata","callerid":"193093893802","Username":"ldata"}}
[2025-11-07 16:13:20] 
[2025-11-07 16:13:20] 200
[2025-11-07 16:34:52] {"field":"id","field_value":"20","option":"get_sip_user"}
[2025-11-07 16:34:52] {"success":true,"result":{"id":20,"id_user":21,"SIP user":"ldata","callerid":"193093893802","Username":"ldata"}}
[2025-11-07 16:34:52] 
[2025-11-07 16:34:52] 200
[2025-11-07 16:44:38] {"field":"id","field_value":"20","option":"get_sip_user"}
[2025-11-07 16:44:38] {"success":true,"result":{"id":20,"id_user":21,"SIP user":"ldata","callerid":"193093893802","Username":"ldata"}}
[2025-11-07 16:44:38] 
[2025-11-07 16:44:38] 200
[2025-11-07 16:45:08] {"field":"id","field_value":"20","option":"get_sip_user"}
[2025-11-07 16:45:08] {"success":true,"result":{"id":20,"id_user":21,"SIP user":"ldata","callerid":"193093893802","Username":"ldata"}}
[2025-11-07 16:45:08] 
[2025-11-07 16:45:08] 200
[2025-11-07 17:33:55] {"field":"id","field_value":"20","option":"get_sip_user"}
[2025-11-07 17:33:56] {"success":true,"result":{"id":20,"id_user":21,"SIP user":"ldata","callerid":"193093893802","Username":"ldata"}}
[2025-11-07 17:33:56] 
[2025-11-07 17:33:56] 200
[2025-11-07 17:36:20] {"field":"id","field_value":"20","option":"get_sip_user"}
[2025-11-07 17:36:20] {"success":true,"result":{"id":20,"id_user":21,"SIP user":"ldata","callerid":"193093893802","Username":"ldata"}}
[2025-11-07 17:36:20] 
[2025-11-07 17:36:20] 200
[2025-11-07 17:36:51] {"field":"id","field_value":"20","option":"get_sip_user"}
[2025-11-07 17:36:51] {"success":true,"result":{"id":20,"id_user":21,"SIP user":"ldata","callerid":"193093893802","Username":"ldata"}}
[2025-11-07 17:36:51] 
[2025-11-07 17:36:51] 200
[2025-11-07 17:38:16] {"field":"id","field_value":"20","option":"get_sip_user"}
[2025-11-07 17:38:16] {"success":true,"result":{"id":20,"id_user":21,"SIP user":"ldata","callerid":"193093893802","Username":"ldata"}}
[2025-11-07 17:38:16] 
[2025-11-07 17:38:16] 200
[2025-11-07 21:00:18] {"field":"id","field_value":"20","option":"get_sip_user"}
[2025-11-07 21:00:18] {"success":true,"result":{"id":20,"id_user":21,"SIP user":"ldata","callerid":"193093893802","Username":"ldata"}}
[2025-11-07 21:00:18] 
[2025-11-07 21:00:18] 200
[2025-11-07 21:03:54] {"field":"id","field_value":"20","option":"get_sip_user"}
[2025-11-07 21:03:54] {"success":true,"result":{"id":20,"id_user":21,"SIP user":"ldata","callerid":"193093893802","Username":"ldata"}}
[2025-11-07 21:03:54] 
[2025-11-07 21:03:54] 200
[2025-11-07 23:45:55] {"field":"id","field_value":"20","option":"get_sip_user"}
[2025-11-07 23:45:55] {"success":true,"result":{"id":20,"id_user":21,"SIP user":"ldata","callerid":"193093893802","Username":"ldata"}}
[2025-11-07 23:45:55] 
[2025-11-07 23:45:55] 200
[2025-11-07 23:48:31] {"field":"id","field_value":"20","option":"get_sip_user"}
[2025-11-07 23:48:31] {"success":true,"result":{"id":20,"id_user":21,"SIP user":"ldata","callerid":"193093893802","Username":"ldata"}}
[2025-11-07 23:48:31] 
[2025-11-07 23:48:31] 200
[2025-11-07 23:48:37] {"field":"id","field_value":"20","option":"get_sip_user"}
[2025-11-07 23:48:37] {"success":true,"result":{"id":20,"id_user":21,"SIP user":"ldata","callerid":"193093893802","Username":"ldata"}}
[2025-11-07 23:48:37] 
[2025-11-07 23:48:37] 200
[2025-11-07 23:49:13] {"field":"id","field_value":"20","option":"get_sip_user"}
[2025-11-07 23:49:13] {"success":true,"result":{"id":20,"id_user":21,"SIP user":"ldata","callerid":"193093893802","Username":"ldata"}}
[2025-11-07 23:49:13] 
[2025-11-07 23:49:13] 200
[2025-11-07 23:53:32] {"field":"id","field_value":"20","option":"get_sip_user"}
[2025-11-07 23:53:32] {"success":true,"result":{"id":20,"id_user":21,"SIP user":"ldata","callerid":"193093893802","Username":"ldata"}}
[2025-11-07 23:53:32] 
[2025-11-07 23:53:32] 200
[2025-11-07 23:53:56] {"field":"id","field_value":"20","option":"get_sip_user"}
[2025-11-07 23:53:56] {"success":true,"result":{"id":20,"id_user":21,"SIP user":"ldata","callerid":"193093893802","Username":"ldata"}}
[2025-11-07 23:53:56] 
[2025-11-07 23:53:56] 200
[2025-11-07 23:57:15] {"field":"id","field_value":"20","option":"get_sip_user"}
[2025-11-07 23:57:15] {"success":true,"result":{"id":20,"id_user":21,"SIP user":"ldata","callerid":"193093893802","Username":"ldata"}}
[2025-11-07 23:57:15] 
[2025-11-07 23:57:15] 200
[2025-11-07 23:58:17] {"field":"id","field_value":"20","option":"get_sip_user"}
[2025-11-07 23:58:17] {"success":true,"result":{"id":20,"id_user":21,"SIP user":"ldata","callerid":"193093893802","Username":"ldata"}}
[2025-11-07 23:58:17] 
[2025-11-07 23:58:17] 200
[2025-11-08 00:04:50] {"field":"id","field_value":"20","option":"get_sip_user"}
[2025-11-08 00:04:50] {"success":true,"result":{"id":20,"id_user":21,"SIP user":"ldata","callerid":"193093893802","Username":"ldata"}}
[2025-11-08 00:04:50] 
[2025-11-08 00:04:50] 200
[2025-11-08 00:06:27] {"field":"id","field_value":"20","option":"get_sip_user"}
[2025-11-08 00:06:27] {"success":true,"result":{"id":20,"id_user":21,"SIP user":"ldata","callerid":"193093893802","Username":"ldata"}}
[2025-11-08 00:06:27] 
[2025-11-08 00:06:27] 200
[2025-11-08 00:16:57] {"field":"id","field_value":"20","option":"get_sip_user"}
[2025-11-08 00:16:57] {"success":true,"result":{"id":20,"id_user":21,"SIP user":"ldata","callerid":"193093893802","Username":"ldata"}}
[2025-11-08 00:16:57] 
[2025-11-08 00:16:57] 200
[2025-11-08 00:17:39] {"field":"id","field_value":"20","option":"get_sip_user"}
[2025-11-08 00:17:39] {"success":true,"result":{"id":20,"id_user":21,"SIP user":"ldata","callerid":"193093893802","Username":"ldata"}}
[2025-11-08 00:17:39] 
[2025-11-08 00:17:39] 200
[2025-11-08 00:22:41] {"field":"id","field_value":"20","option":"get_sip_user"}
[2025-11-08 00:22:41] {"success":true,"result":{"id":20,"id_user":21,"SIP user":"ldata","callerid":"193093893802","Username":"ldata"}}
[2025-11-08 00:22:41] 
[2025-11-08 00:22:41] 200
[2025-11-08 00:23:15] {"field":"id","field_value":"20","option":"get_sip_user"}
[2025-11-08 00:23:15] {"success":true,"result":{"id":20,"id_user":21,"SIP user":"ldata","callerid":"193093893802","Username":"ldata"}}
[2025-11-08 00:23:15] 
[2025-11-08 00:23:15] 200
[2025-11-08 00:23:45] {"field":"id","field_value":"20","option":"get_sip_user"}
[2025-11-08 00:23:45] {"success":true,"result":{"id":20,"id_user":21,"SIP user":"ldata","callerid":"193093893802","Username":"ldata"}}
[2025-11-08 00:23:45] 
[2025-11-08 00:23:45] 200
[2025-11-08 00:27:37] {"field":"id","field_value":"20","option":"get_sip_user"}
[2025-11-08 00:27:37] {"success":true,"result":{"id":20,"id_user":21,"SIP user":"ldata","callerid":"193093893802","Username":"ldata"}}
[2025-11-08 00:27:37] 
[2025-11-08 00:27:37] 200
[2025-11-08 09:23:00] {"field":"id","field_value":"20","option":"get_sip_user"}
[2025-11-08 09:23:00] {"success":true,"result":{"id":20,"id_user":21,"SIP user":"ldata","callerid":"193093893802","Username":"ldata"}}
[2025-11-08 09:23:00] 
[2025-11-08 09:23:00] 200
[2025-11-08 09:23:34] {"field":"id","field_value":"20","option":"get_sip_user"}
[2025-11-08 09:23:34] {"success":true,"result":{"id":20,"id_user":21,"SIP user":"ldata","callerid":"193093893802","Username":"ldata"}}
[2025-11-08 09:23:34] 
[2025-11-08 09:23:34] 200
[2025-11-08 09:24:02] {"field":"id","field_value":"20","option":"get_sip_user"}
[2025-11-08 09:24:02] {"success":true,"result":{"id":20,"id_user":21,"SIP user":"ldata","callerid":"193093893802","Username":"ldata"}}
[2025-11-08 09:24:02] 
[2025-11-08 09:24:02] 200
[2025-11-08 09:24:30] {"field":"id","field_value":"20","option":"get_sip_user"}
[2025-11-08 09:24:30] {"success":true,"result":{"id":20,"id_user":21,"SIP user":"ldata","callerid":"193093893802","Username":"ldata"}}
[2025-11-08 09:24:30] 
[2025-11-08 09:24:30] 200
[2025-11-08 09:40:26] {"field":"id","field_value":"20","option":"get_sip_user"}
[2025-11-08 09:40:26] {"success":true,"result":{"id":20,"id_user":21,"SIP user":"ldata","callerid":"193093893802","Username":"ldata"}}
[2025-11-08 09:40:26] 
[2025-11-08 09:40:26] 200
[2025-11-08 09:41:15] {"field":"id","field_value":"20","option":"get_sip_user"}
[2025-11-08 09:41:15] {"success":true,"result":{"id":20,"id_user":21,"SIP user":"ldata","callerid":"193093893802","Username":"ldata"}}
[2025-11-08 09:41:15] 
[2025-11-08 09:41:15] 200
[2025-11-08 10:26:47] {"field":"id","field_value":"20","option":"get_sip_user"}
[2025-11-08 10:26:47] {"success":true,"result":{"id":20,"id_user":21,"SIP user":"ldata","callerid":"193093893802","Username":"ldata"}}
[2025-11-08 10:26:47] 
[2025-11-08 10:26:47] 200
[2025-11-08 10:28:22] {"field":"id","field_value":"20","option":"get_sip_user"}
[2025-11-08 10:28:22] {"success":true,"result":{"id":20,"id_user":21,"SIP user":"ldata","callerid":"193093893802","Username":"ldata"}}
[2025-11-08 10:28:22] 
[2025-11-08 10:28:22] 200
[2025-11-08 10:34:00] {"field":"id","field_value":"20","option":"get_sip_user"}
[2025-11-08 10:34:00] {"success":true,"result":{"id":20,"id_user":21,"SIP user":"ldata","callerid":"193093893802","Username":"ldata"}}
[2025-11-08 10:34:00] 
[2025-11-08 10:34:00] 200
[2025-11-08 10:38:39] {"field":"id","field_value":"20","option":"get_sip_user"}
[2025-11-08 10:38:39] {"success":true,"result":{"id":20,"id_user":21,"SIP user":"ldata","callerid":"193093893802","Username":"ldata"}}
[2025-11-08 10:38:39] 
[2025-11-08 10:38:39] 200
[2025-11-08 10:44:54] {"field":"id","field_value":"20","option":"get_sip_user"}
[2025-11-08 10:44:54] {"success":true,"result":{"id":20,"id_user":21,"SIP user":"ldata","callerid":"193093893802","Username":"ldata"}}
[2025-11-08 10:44:54] 
[2025-11-08 10:44:54] 200
[2025-11-08 10:48:46] {"field":"id","field_value":"20","option":"get_sip_user"}
[2025-11-08 10:48:46] {"success":true,"result":{"id":20,"id_user":21,"SIP user":"ldata","callerid":"193093893802","Username":"ldata"}}
[2025-11-08 10:48:46] 
[2025-11-08 10:48:46] 200
[2025-11-08 10:53:01] {"field":"id","field_value":"20","option":"get_sip_user"}
[2025-11-08 10:53:01] {"success":true,"result":{"id":20,"id_user":21,"SIP user":"ldata","callerid":"193093893802","Username":"ldata"}}
[2025-11-08 10:53:01] 
[2025-11-08 10:53:01] 200
[2025-11-08 11:04:59] {"field":"id","field_value":"20","option":"get_sip_user"}
[2025-11-08 11:04:59] {"success":true,"result":{"id":20,"id_user":21,"SIP user":"ldata","callerid":"193093893802","Username":"ldata"}}
[2025-11-08 11:04:59] 
[2025-11-08 11:04:59] 200
[2025-11-08 11:14:22] {"field":"id","field_value":"20","option":"get_sip_user"}
[2025-11-08 11:14:22] {"success":true,"result":{"id":20,"id_user":21,"SIP user":"ldata","callerid":"193093893802","Username":"ldata"}}
[2025-11-08 11:14:22] 
[2025-11-08 11:14:22] 200
[2025-11-08 11:25:26] {"field":"id","field_value":"20","option":"get_sip_user"}
[2025-11-08 11:25:26] {"success":true,"result":{"id":20,"id_user":21,"SIP user":"ldata","callerid":"193093893802","Username":"ldata"}}
[2025-11-08 11:25:26] 
[2025-11-08 11:25:26] 200
[2025-11-08 11:35:07] {"field":"id","field_value":"20","option":"get_sip_user"}
[2025-11-08 11:35:07] {"success":true,"result":{"id":20,"id_user":21,"SIP user":"ldata","callerid":"193093893802","Username":"ldata"}}
[2025-11-08 11:35:07] 
[2025-11-08 11:35:07] 200
[2025-11-08 11:35:55] {"field":"id","field_value":"20","option":"get_sip_user"}
[2025-11-08 11:35:55] {"success":true,"result":{"id":20,"id_user":21,"SIP user":"ldata","callerid":"193093893802","Username":"ldata"}}
[2025-11-08 11:35:55] 
[2025-11-08 11:35:55] 200
[2025-11-08 11:36:40] {"field":"id","field_value":"20","option":"get_sip_user"}
[2025-11-08 11:36:40] {"success":true,"result":{"id":20,"id_user":21,"SIP user":"ldata","callerid":"193093893802","Username":"ldata"}}
[2025-11-08 11:36:40] 
[2025-11-08 11:36:40] 200
[2025-11-08 11:44:33] {"field":"id","field_value":"20","option":"get_sip_user"}
[2025-11-08 11:44:33] {"success":true,"result":{"id":20,"id_user":21,"SIP user":"ldata","callerid":"193093893802","Username":"ldata"}}
[2025-11-08 11:44:33] 
[2025-11-08 11:44:33] 200
[2025-11-08 11:49:17] {"field":"id","field_value":"20","option":"get_sip_user"}
[2025-11-08 11:49:17] {"success":true,"result":{"id":20,"id_user":21,"SIP user":"ldata","callerid":"193093893802","Username":"ldata"}}
[2025-11-08 11:49:17] 
[2025-11-08 11:49:17] 200
[2025-11-08 11:50:57] {"field":"id","field_value":"20","option":"get_sip_user"}
[2025-11-08 11:50:57] {"success":true,"result":{"id":20,"id_user":21,"SIP user":"ldata","callerid":"193093893802","Username":"ldata"}}
[2025-11-08 11:50:57] 
[2025-11-08 11:50:57] 200
[2025-11-08 20:15:23] {"field":"id","field_value":"20","option":"get_sip_user"}
[2025-11-08 20:15:23] {"success":true,"result":{"id":20,"id_user":21,"SIP user":"ldata","callerid":"193093893802","Username":"ldata"}}
[2025-11-08 20:15:23] 
[2025-11-08 20:15:23] 200
[2025-11-08 20:17:17] {"field":"id","field_value":"20","option":"get_sip_user"}
[2025-11-08 20:17:17] {"success":true,"result":{"id":20,"id_user":21,"SIP user":"ldata","callerid":"193093893802","Username":"ldata"}}
[2025-11-08 20:17:17] 
[2025-11-08 20:17:17] 200
[2025-11-08 20:18:41] {"field":"id","field_value":"20","option":"get_sip_user"}
[2025-11-08 20:18:41] {"success":true,"result":{"id":20,"id_user":21,"SIP user":"ldata","callerid":"193093893802","Username":"ldata"}}
[2025-11-08 20:18:41] 
[2025-11-08 20:18:41] 200
[2025-11-08 20:24:52] {"field":"id","field_value":"20","option":"get_sip_user"}
[2025-11-08 20:24:52] {"success":true,"result":{"id":20,"id_user":21,"SIP user":"ldata","callerid":"193093893802","Username":"ldata"}}
[2025-11-08 20:24:52] 
[2025-11-08 20:24:52] 200
[2025-11-08 20:26:12] {"field":"id","field_value":"20","option":"get_sip_user"}
[2025-11-08 20:26:12] {"success":true,"result":{"id":20,"id_user":21,"SIP user":"ldata","callerid":"193093893802","Username":"ldata"}}
[2025-11-08 20:26:12] 
[2025-11-08 20:26:12] 200
[2025-11-08 20:34:35] {"field":"id","field_value":"20","option":"get_sip_user"}
[2025-11-08 20:34:35] {"success":true,"result":{"id":20,"id_user":21,"SIP user":"ldata","callerid":"193093893802","Username":"ldata"}}
[2025-11-08 20:34:35] 
[2025-11-08 20:34:35] 200
[2025-11-08 20:51:07] {"field":"id","field_value":"20","option":"get_sip_user"}
[2025-11-08 20:51:07] {"success":true,"result":{"id":20,"id_user":21,"SIP user":"ldata","callerid":"193093893802","Username":"ldata"}}
[2025-11-08 20:51:07] 
[2025-11-08 20:51:07] 200
[2025-11-08 20:53:13] {"field":"id","field_value":"20","option":"get_sip_user"}
[2025-11-08 20:53:13] {"success":true,"result":{"id":20,"id_user":21,"SIP user":"ldata","callerid":"193093893802","Username":"ldata"}}
[2025-11-08 20:53:13] 
[2025-11-08 20:53:13] 200
[2025-11-08 20:54:08] {"field":"id","field_value":"20","option":"get_sip_user"}
[2025-11-08 20:54:08] {"success":true,"result":{"id":20,"id_user":21,"SIP user":"ldata","callerid":"193093893802","Username":"ldata"}}
[2025-11-08 20:54:08] 
[2025-11-08 20:54:08] 200
[2025-11-08 20:55:11] {"field":"id","field_value":"20","option":"get_sip_user"}
[2025-11-08 20:55:11] {"success":true,"result":{"id":20,"id_user":21,"SIP user":"ldata","callerid":"193093893802","Username":"ldata"}}
[2025-11-08 20:55:11] 
[2025-11-08 20:55:11] 200
[2025-11-08 20:56:25] {"field":"id","field_value":"20","option":"get_sip_user"}
[2025-11-08 20:56:25] {"success":true,"result":{"id":20,"id_user":21,"SIP user":"ldata","callerid":"193093893802","Username":"ldata"}}
[2025-11-08 20:56:25] 
[2025-11-08 20:56:25] 200
[2025-11-08 21:04:58] {"field":"id","field_value":"20","option":"get_sip_user"}
[2025-11-08 21:04:58] {"success":true,"result":{"id":20,"id_user":21,"SIP user":"ldata","callerid":"193093893802","Username":"ldata"}}
[2025-11-08 21:04:58] 
[2025-11-08 21:04:58] 200
[2025-11-08 21:05:53] {"field":"id","field_value":"20","option":"get_sip_user"}
[2025-11-08 21:05:53] {"success":true,"result":{"id":20,"id_user":21,"SIP user":"ldata","callerid":"193093893802","Username":"ldata"}}
[2025-11-08 21:05:53] 
[2025-11-08 21:05:53] 200
[2025-11-08 21:06:15] {"field":"id","field_value":"20","option":"get_sip_user"}
[2025-11-08 21:06:15] {"success":true,"result":{"id":20,"id_user":21,"SIP user":"ldata","callerid":"193093893802","Username":"ldata"}}
[2025-11-08 21:06:15] 
[2025-11-08 21:06:15] 200
[2025-11-08 21:07:05] {"field":"id","field_value":"20","option":"get_sip_user"}
[2025-11-08 21:07:05] {"success":true,"result":{"id":20,"id_user":21,"SIP user":"ldata","callerid":"193093893802","Username":"ldata"}}
[2025-11-08 21:07:05] 
[2025-11-08 21:07:05] 200
[2025-11-08 21:17:58] {"field":"id","field_value":"20","option":"get_sip_user"}
[2025-11-08 21:17:58] {"success":true,"result":{"id":20,"id_user":21,"SIP user":"ldata","callerid":"193093893802","Username":"ldata"}}
[2025-11-08 21:17:58] 
[2025-11-08 21:17:58] 200
[2025-11-08 21:18:15] {"field":"id","field_value":"20","option":"get_sip_user"}
[2025-11-08 21:18:15] {"success":true,"result":{"id":20,"id_user":21,"SIP user":"ldata","callerid":"193093893802","Username":"ldata"}}
[2025-11-08 21:18:15] 
[2025-11-08 21:18:15] 200
[2025-11-08 21:18:36] {"field":"id","field_value":"20","option":"get_sip_user"}
[2025-11-08 21:18:36] {"success":true,"result":{"id":20,"id_user":21,"SIP user":"ldata","callerid":"193093893802","Username":"ldata"}}
[2025-11-08 21:18:36] 
[2025-11-08 21:18:36] 200
[2025-11-08 21:19:21] {"field":"id","field_value":"20","option":"get_sip_user"}
[2025-11-08 21:19:21] {"success":true,"result":{"id":20,"id_user":21,"SIP user":"ldata","callerid":"193093893802","Username":"ldata"}}
[2025-11-08 21:19:21] 
[2025-11-08 21:19:21] 200
[2025-11-08 21:24:00] {"field":"id","field_value":"20","option":"get_sip_user"}
[2025-11-08 21:24:00] {"success":true,"result":{"id":20,"id_user":21,"SIP user":"ldata","callerid":"193093893802","Username":"ldata"}}
[2025-11-08 21:24:00] 
[2025-11-08 21:24:00] 200
[2025-11-08 21:28:20] {"field":"id","field_value":"20","option":"get_sip_user"}
[2025-11-08 21:28:20] {"success":true,"result":{"id":20,"id_user":21,"SIP user":"ldata","callerid":"193093893802","Username":"ldata"}}
[2025-11-08 21:28:20] 
[2025-11-08 21:28:20] 200
[2025-11-08 21:29:06] {"field":"id","field_value":"20","option":"get_sip_user"}
[2025-11-08 21:29:06] {"success":true,"result":{"id":20,"id_user":21,"SIP user":"ldata","callerid":"193093893802","Username":"ldata"}}
[2025-11-08 21:29:06] 
[2025-11-08 21:29:06] 200
[2025-11-08 21:32:16] {"field":"id","field_value":"20","option":"get_sip_user"}
[2025-11-08 21:32:16] {"success":true,"result":{"id":20,"id_user":21,"SIP user":"ldata","callerid":"193093893802","Username":"ldata"}}
[2025-11-08 21:32:16] 
[2025-11-08 21:32:16] 200
[2025-11-08 21:32:35] {"field":"id","field_value":"20","option":"get_sip_user"}
[2025-11-08 21:32:35] {"success":true,"result":{"id":20,"id_user":21,"SIP user":"ldata","callerid":"193093893802","Username":"ldata"}}
[2025-11-08 21:32:35] 
[2025-11-08 21:32:35] 200
[2025-11-08 21:33:12] {"field":"id","field_value":"20","option":"get_sip_user"}
[2025-11-08 21:33:12] {"success":true,"result":{"id":20,"id_user":21,"SIP user":"ldata","callerid":"193093893802","Username":"ldata"}}
[2025-11-08 21:33:12] 
[2025-11-08 21:33:12] 200
[2025-11-08 23:17:31] {"field":"id","field_value":"20","option":"get_sip_user"}
[2025-11-08 23:17:31] {"success":true,"result":{"id":20,"id_user":21,"SIP user":"ldata","callerid":"193093893802","Username":"ldata"}}
[2025-11-08 23:17:31] 
[2025-11-08 23:17:31] 200
[2025-11-08 23:19:53] {"field":"id","field_value":"20","option":"get_sip_user"}
[2025-11-08 23:19:53] {"success":true,"result":{"id":20,"id_user":21,"SIP user":"ldata","callerid":"193093893802","Username":"ldata"}}
[2025-11-08 23:19:53] 
[2025-11-08 23:19:53] 200
[2025-11-08 23:21:08] {"field":"id","field_value":"20","option":"get_sip_user"}
[2025-11-08 23:21:08] {"success":true,"result":{"id":20,"id_user":21,"SIP user":"ldata","callerid":"193093893802","Username":"ldata"}}
[2025-11-08 23:21:08] 
[2025-11-08 23:21:08] 200
[2025-11-08 23:22:10] {"field":"id","field_value":"20","option":"get_sip_user"}
[2025-11-08 23:22:10] {"success":true,"result":{"id":20,"id_user":21,"SIP user":"ldata","callerid":"193093893802","Username":"ldata"}}
[2025-11-08 23:22:10] 
[2025-11-08 23:22:10] 200
[2025-11-08 23:23:07] {"field":"id","field_value":"20","option":"get_sip_user"}
[2025-11-08 23:23:07] {"success":true,"result":{"id":20,"id_user":21,"SIP user":"ldata","callerid":"193093893802","Username":"ldata"}}
[2025-11-08 23:23:07] 
[2025-11-08 23:23:07] 200
[2025-11-08 23:24:44] {"field":"id","field_value":"20","option":"get_sip_user"}
[2025-11-08 23:24:44] {"success":true,"result":{"id":20,"id_user":21,"SIP user":"ldata","callerid":"193093893802","Username":"ldata"}}
[2025-11-08 23:24:44] 
[2025-11-08 23:24:44] 200
[2025-11-08 23:25:45] {"field":"id","field_value":"20","option":"get_sip_user"}
[2025-11-08 23:25:45] {"success":true,"result":{"id":20,"id_user":21,"SIP user":"ldata","callerid":"193093893802","Username":"ldata"}}
[2025-11-08 23:25:45] 
[2025-11-08 23:25:45] 200
[2025-11-08 23:27:37] {"field":"id","field_value":"20","option":"get_sip_user"}
[2025-11-08 23:27:37] {"success":true,"result":{"id":20,"id_user":21,"SIP user":"ldata","callerid":"193093893802","Username":"ldata"}}
[2025-11-08 23:27:37] 
[2025-11-08 23:27:37] 200
[2025-11-08 23:31:44] {"field":"id","field_value":"20","option":"get_sip_user"}
[2025-11-08 23:31:44] {"success":true,"result":{"id":20,"id_user":21,"SIP user":"ldata","callerid":"193093893802","Username":"ldata"}}
[2025-11-08 23:31:44] 
[2025-11-08 23:31:44] 200
[2025-11-08 23:34:27] {"field":"id","field_value":"20","option":"get_sip_user"}
[2025-11-08 23:34:27] {"success":true,"result":{"id":20,"id_user":21,"SIP user":"ldata","callerid":"193093893802","Username":"ldata"}}
[2025-11-08 23:34:27] 
[2025-11-08 23:34:27] 200
[2025-11-08 23:35:07] {"field":"id","field_value":"20","option":"get_sip_user"}
[2025-11-08 23:35:07] {"success":true,"result":{"id":20,"id_user":21,"SIP user":"ldata","callerid":"193093893802","Username":"ldata"}}
[2025-11-08 23:35:07] 
[2025-11-08 23:35:07] 200
[2025-11-08 23:36:07] {"field":"id","field_value":"20","option":"get_sip_user"}
[2025-11-08 23:36:07] {"success":true,"result":{"id":20,"id_user":21,"SIP user":"ldata","callerid":"193093893802","Username":"ldata"}}
[2025-11-08 23:36:07] 
[2025-11-08 23:36:07] 200
[2025-11-08 23:39:00] {"field":"id","field_value":"20","option":"get_sip_user"}
[2025-11-08 23:39:00] {"success":true,"result":{"id":20,"id_user":21,"SIP user":"ldata","callerid":"193093893802","Username":"ldata"}}
[2025-11-08 23:39:00] 
[2025-11-08 23:39:00] 200
[2025-11-08 23:41:41] {"field":"id","field_value":"20","option":"get_sip_user"}
[2025-11-08 23:41:41] {"success":true,"result":{"id":20,"id_user":21,"SIP user":"ldata","callerid":"193093893802","Username":"ldata"}}
[2025-11-08 23:41:41] 
[2025-11-08 23:41:41] 200
[2025-11-08 23:45:12] {"field":"id","field_value":"20","option":"get_sip_user"}
[2025-11-08 23:45:12] {"success":true,"result":{"id":20,"id_user":21,"SIP user":"ldata","callerid":"193093893802","Username":"ldata"}}
[2025-11-08 23:45:12] 
[2025-11-08 23:45:12] 200
[2025-11-08 23:52:45] {"field":"id","field_value":"20","option":"get_sip_user"}
[2025-11-08 23:52:45] {"success":true,"result":{"id":20,"id_user":21,"SIP user":"ldata","callerid":"193093893802","Username":"ldata"}}
[2025-11-08 23:52:45] 
[2025-11-08 23:52:45] 200
[2025-11-09 00:00:23] {"field":"id","field_value":"20","option":"get_sip_user"}
[2025-11-09 00:00:23] {"success":true,"result":{"id":20,"id_user":21,"SIP user":"ldata","callerid":"193093893802","Username":"ldata"}}
[2025-11-09 00:00:23] 
[2025-11-09 00:00:23] 200
[2025-11-09 00:02:24] {"field":"id","field_value":"20","option":"get_sip_user"}
[2025-11-09 00:02:24] {"success":true,"result":{"id":20,"id_user":21,"SIP user":"ldata","callerid":"193093893802","Username":"ldata"}}
[2025-11-09 00:02:24] 
[2025-11-09 00:02:24] 200
[2025-11-09 00:08:27] {"field":"id","field_value":"20","option":"get_sip_user"}
[2025-11-09 00:08:27] {"success":true,"result":{"id":20,"id_user":21,"SIP user":"ldata","callerid":"193093893802","Username":"ldata"}}
[2025-11-09 00:08:27] 
[2025-11-09 00:08:27] 200
[2025-11-09 00:09:58] {"field":"id","field_value":"20","option":"get_sip_user"}
[2025-11-09 00:09:58] {"success":true,"result":{"id":20,"id_user":21,"SIP user":"ldata","callerid":"193093893802","Username":"ldata"}}
[2025-11-09 00:09:58] 
[2025-11-09 00:09:58] 200
[2025-11-09 00:11:21] {"field":"id","field_value":"20","option":"get_sip_user"}
[2025-11-09 00:11:21] {"success":true,"result":{"id":20,"id_user":21,"SIP user":"ldata","callerid":"193093893802","Username":"ldata"}}
[2025-11-09 00:11:21] 
[2025-11-09 00:11:21] 200
[2025-11-09 00:12:33] {"field":"id","field_value":"20","option":"get_sip_user"}
[2025-11-09 00:12:33] {"success":true,"result":{"id":20,"id_user":21,"SIP user":"ldata","callerid":"193093893802","Username":"ldata"}}
[2025-11-09 00:12:33] 
[2025-11-09 00:12:33] 200
[2025-11-09 00:18:57] {"field":"id","field_value":"20","option":"get_sip_user"}
[2025-11-09 00:18:57] {"success":true,"result":{"id":20,"id_user":21,"SIP user":"ldata","callerid":"193093893802","Username":"ldata"}}
[2025-11-09 00:18:57] 
[2025-11-09 00:18:57] 200
[2025-11-09 00:25:29] {"field":"id","field_value":"20","option":"get_sip_user"}
[2025-11-09 00:25:29] {"success":true,"result":{"id":20,"id_user":21,"SIP user":"ldata","callerid":"193093893802","Username":"ldata"}}
[2025-11-09 00:25:29] 
[2025-11-09 00:25:29] 200
[2025-11-09 03:32:19] {"field":"id","field_value":"20","option":"get_sip_user"}
[2025-11-09 03:32:19] {"success":true,"result":{"id":20,"id_user":21,"SIP user":"ldata","callerid":"193093893802","Username":"ldata"}}
[2025-11-09 03:32:19] 
[2025-11-09 03:32:19] 200
[2025-11-09 03:44:20] {"field":"id","field_value":"20","option":"get_sip_user"}
[2025-11-09 03:44:20] {"success":true,"result":{"id":20,"id_user":21,"SIP user":"ldata","callerid":"193093893802","Username":"ldata"}}
[2025-11-09 03:44:20] 
[2025-11-09 03:44:20] 200
[2025-11-09 03:44:33] {"field":"id","field_value":"20","option":"get_sip_user"}
[2025-11-09 03:44:33] {"success":true,"result":{"id":20,"id_user":21,"SIP user":"ldata","callerid":"193093893802","Username":"ldata"}}
[2025-11-09 03:44:33] 
[2025-11-09 03:44:33] 200
[2025-11-09 03:45:46] {"field":"id","field_value":"20","option":"get_sip_user"}
[2025-11-09 03:45:46] {"success":true,"result":{"id":20,"id_user":21,"SIP user":"ldata","callerid":"193093893802","Username":"ldata"}}
[2025-11-09 03:45:46] 
[2025-11-09 03:45:46] 200
[2025-11-09 04:15:04] {"field":"id","field_value":"20","option":"get_sip_user"}
[2025-11-09 04:15:04] {"success":true,"result":{"id":20,"id_user":21,"SIP user":"ldata","callerid":"193093893802","Username":"ldata"}}
[2025-11-09 04:15:04] 
[2025-11-09 04:15:04] 200
[2025-11-09 04:16:22] {"field":"id","field_value":"20","option":"get_sip_user"}
[2025-11-09 04:16:22] {"success":true,"result":{"id":20,"id_user":21,"SIP user":"ldata","callerid":"193093893802","Username":"ldata"}}
[2025-11-09 04:16:22] 
[2025-11-09 04:16:22] 200
[2025-11-09 04:18:16] {"field":"id","field_value":"20","option":"get_sip_user"}
[2025-11-09 04:18:16] {"success":true,"result":{"id":20,"id_user":21,"SIP user":"ldata","callerid":"193093893802","Username":"ldata"}}
[2025-11-09 04:18:16] 
[2025-11-09 04:18:16] 200
[2025-11-09 04:27:21] {"field":"id","field_value":"20","option":"get_sip_user"}
[2025-11-09 04:27:21] {"success":true,"result":{"id":20,"id_user":21,"SIP user":"ldata","callerid":"193093893802","Username":"ldata"}}
[2025-11-09 04:27:21] 
[2025-11-09 04:27:21] 200
[2025-11-09 04:28:36] {"field":"id","field_value":"20","option":"get_sip_user"}
[2025-11-09 04:28:36] {"success":true,"result":{"id":20,"id_user":21,"SIP user":"ldata","callerid":"193093893802","Username":"ldata"}}
[2025-11-09 04:28:36] 
[2025-11-09 04:28:36] 200
[2025-11-09 04:31:10] {"field":"id","field_value":"20","option":"get_sip_user"}
[2025-11-09 04:31:10] {"success":true,"result":{"id":20,"id_user":21,"SIP user":"ldata","callerid":"193093893802","Username":"ldata"}}
[2025-11-09 04:31:10] 
[2025-11-09 04:31:10] 200
[2025-11-09 04:32:32] {"field":"id","field_value":"20","option":"get_sip_user"}
[2025-11-09 04:32:32] {"success":true,"result":{"id":20,"id_user":21,"SIP user":"ldata","callerid":"193093893802","Username":"ldata"}}
[2025-11-09 04:32:32] 
[2025-11-09 04:32:32] 200
[2025-11-09 04:33:24] {"field":"id","field_value":"20","option":"get_sip_user"}
[2025-11-09 04:33:24] {"success":true,"result":{"id":20,"id_user":21,"SIP user":"ldata","callerid":"193093893802","Username":"ldata"}}
[2025-11-09 04:33:24] 
[2025-11-09 04:33:24] 200
[2025-11-09 04:34:41] {"field":"id","field_value":"20","option":"get_sip_user"}
[2025-11-09 04:34:41] {"success":true,"result":{"id":20,"id_user":21,"SIP user":"ldata","callerid":"193093893802","Username":"ldata"}}
[2025-11-09 04:34:41] 
[2025-11-09 04:34:41] 200
[2025-11-09 04:36:45] {"field":"id","field_value":"20","option":"get_sip_user"}
[2025-11-09 04:36:45] {"success":true,"result":{"id":20,"id_user":21,"SIP user":"ldata","callerid":"193093893802","Username":"ldata"}}
[2025-11-09 04:36:45] 
[2025-11-09 04:36:45] 200
[2025-11-09 04:38:22] {"field":"id","field_value":"20","option":"get_sip_user"}
[2025-11-09 04:38:22] {"success":true,"result":{"id":20,"id_user":21,"SIP user":"ldata","callerid":"193093893802","Username":"ldata"}}
[2025-11-09 04:38:22] 
[2025-11-09 04:38:22] 200
[2025-11-09 07:14:48] {"field":"id","field_value":"20","option":"get_sip_user"}
[2025-11-09 07:14:48] {"success":true,"result":{"id":20,"id_user":21,"SIP user":"ldata","callerid":"193093893802","Username":"ldata"}}
[2025-11-09 07:14:48] 
[2025-11-09 07:14:48] 200
[2025-11-09 07:15:42] {"field":"id","field_value":"20","option":"get_sip_user"}
[2025-11-09 07:15:42] {"success":true,"result":{"id":20,"id_user":21,"SIP user":"ldata","callerid":"193093893802","Username":"ldata"}}
[2025-11-09 07:15:42] 
[2025-11-09 07:15:42] 200
[2025-11-09 07:16:40] {"field":"id","field_value":"20","option":"get_sip_user"}
[2025-11-09 07:16:40] {"success":true,"result":{"id":20,"id_user":21,"SIP user":"ldata","callerid":"193093893802","Username":"ldata"}}
[2025-11-09 07:16:40] 
[2025-11-09 07:16:40] 200
[2025-11-09 07:17:29] {"field":"id","field_value":"20","option":"get_sip_user"}
[2025-11-09 07:17:29] {"success":true,"result":{"id":20,"id_user":21,"SIP user":"ldata","callerid":"193093893802","Username":"ldata"}}
[2025-11-09 07:17:29] 
[2025-11-09 07:17:29] 200
[2025-11-09 07:19:12] {"field":"id","field_value":"20","option":"get_sip_user"}
[2025-11-09 07:19:12] {"success":true,"result":{"id":20,"id_user":21,"SIP user":"ldata","callerid":"193093893802","Username":"ldata"}}
[2025-11-09 07:19:12] 
[2025-11-09 07:19:12] 200
[2025-11-09 07:32:21] {"field":"id","field_value":"20","option":"get_sip_user"}
[2025-11-09 07:32:21] {"success":true,"result":{"id":20,"id_user":21,"SIP user":"ldata","callerid":"193093893802","Username":"ldata"}}
[2025-11-09 07:32:21] 
[2025-11-09 07:32:21] 200
[2025-11-09 07:35:24] {"field":"id","field_value":"20","option":"get_sip_user"}
[2025-11-09 07:35:24] {"success":true,"result":{"id":20,"id_user":21,"SIP user":"ldata","callerid":"193093893802","Username":"ldata"}}
[2025-11-09 07:35:24] 
[2025-11-09 07:35:24] 200
[2025-11-09 07:36:09] {"field":"id","field_value":"20","option":"get_sip_user"}
[2025-11-09 07:36:09] {"success":true,"result":{"id":20,"id_user":21,"SIP user":"ldata","callerid":"193093893802","Username":"ldata"}}
[2025-11-09 07:36:09] 
[2025-11-09 07:36:09] 200
[2025-11-09 07:40:07] {"field":"id","field_value":"20","option":"get_sip_user"}
[2025-11-09 07:40:07] {"success":true,"result":{"id":20,"id_user":21,"SIP user":"ldata","callerid":"193093893802","Username":"ldata"}}
[2025-11-09 07:40:07] 
[2025-11-09 07:40:07] 200
[2025-11-09 07:43:50] {"field":"id","field_value":"20","option":"get_sip_user"}
[2025-11-09 07:43:50] {"success":true,"result":{"id":20,"id_user":21,"SIP user":"ldata","callerid":"193093893802","Username":"ldata"}}
[2025-11-09 07:43:50] 
[2025-11-09 07:43:50] 200
[2025-11-09 10:19:26] {"field":"id","field_value":"20","option":"get_sip_user"}
[2025-11-09 10:19:26] {"success":true,"result":{"id":20,"id_user":21,"SIP user":"ldata","callerid":"193093893802","Username":"ldata"}}
[2025-11-09 10:19:26] 
[2025-11-09 10:19:26] 200
[2025-11-09 10:20:33] {"field":"id","field_value":"20","option":"get_sip_user"}
[2025-11-09 10:20:33] {"success":true,"result":{"id":20,"id_user":21,"SIP user":"ldata","callerid":"193093893802","Username":"ldata"}}
[2025-11-09 10:20:33] 
[2025-11-09 10:20:33] 200
[2025-11-09 10:21:45] {"field":"id","field_value":"20","option":"get_sip_user"}
[2025-11-09 10:21:45] {"success":true,"result":{"id":20,"id_user":21,"SIP user":"ldata","callerid":"193093893802","Username":"ldata"}}
[2025-11-09 10:21:45] 
[2025-11-09 10:21:45] 200
[2025-11-09 10:31:26] {"field":"id","field_value":"20","option":"get_sip_user"}
[2025-11-09 10:31:26] {"success":true,"result":{"id":20,"id_user":21,"SIP user":"ldata","callerid":"193093893802","Username":"ldata"}}
[2025-11-09 10:31:26] 
[2025-11-09 10:31:26] 200
[2025-11-09 10:33:47] {"field":"id","field_value":"20","option":"get_sip_user"}
[2025-11-09 10:33:47] {"success":true,"result":{"id":20,"id_user":21,"SIP user":"ldata","callerid":"193093893802","Username":"ldata"}}
[2025-11-09 10:33:47] 
[2025-11-09 10:33:47] 200
[2025-11-09 10:36:59] {"field":"id","field_value":"20","option":"get_sip_user"}
[2025-11-09 10:36:59] {"success":true,"result":{"id":20,"id_user":21,"SIP user":"ldata","callerid":"193093893802","Username":"ldata"}}
[2025-11-09 10:36:59] 
[2025-11-09 10:36:59] 200
[2025-11-09 10:40:56] {"field":"id","field_value":"20","option":"get_sip_user"}
[2025-11-09 10:40:56] {"success":true,"result":{"id":20,"id_user":21,"SIP user":"ldata","callerid":"193093893802","Username":"ldata"}}
[2025-11-09 10:40:56] 
[2025-11-09 10:40:56] 200
[2025-11-09 10:51:42] {"field":"id","field_value":"20","option":"get_sip_user"}
[2025-11-09 10:51:42] {"success":true,"result":{"id":20,"id_user":21,"SIP user":"ldata","callerid":"193093893802","Username":"ldata"}}
[2025-11-09 10:51:42] 
[2025-11-09 10:51:42] 200
[2025-11-09 10:52:20] {"field":"id","field_value":"20","option":"get_sip_user"}
[2025-11-09 10:52:20] {"success":true,"result":{"id":20,"id_user":21,"SIP user":"ldata","callerid":"193093893802","Username":"ldata"}}
[2025-11-09 10:52:20] 
[2025-11-09 10:52:20] 200
[2025-11-09 10:55:43] {"field":"id","field_value":"20","option":"get_sip_user"}
[2025-11-09 10:55:43] {"success":true,"result":{"id":20,"id_user":21,"SIP user":"ldata","callerid":"193093893802","Username":"ldata"}}
[2025-11-09 10:55:43] 
[2025-11-09 10:55:43] 200
[2025-11-09 11:04:27] {"field":"id","field_value":"20","option":"get_sip_user"}
[2025-11-09 11:04:27] {"success":true,"result":{"id":20,"id_user":21,"SIP user":"ldata","callerid":"193093893802","Username":"ldata"}}
[2025-11-09 11:04:27] 
[2025-11-09 11:04:27] 200
[2025-11-09 11:07:35] {"field":"id","field_value":"20","option":"get_sip_user"}
[2025-11-09 11:07:35] {"success":true,"result":{"id":20,"id_user":21,"SIP user":"ldata","callerid":"193093893802","Username":"ldata"}}
[2025-11-09 11:07:35] 
[2025-11-09 11:07:35] 200
[2025-11-09 11:15:32] {"field":"id","field_value":"20","option":"get_sip_user"}
[2025-11-09 11:15:32] {"success":true,"result":{"id":20,"id_user":21,"SIP user":"ldata","callerid":"193093893802","Username":"ldata"}}
[2025-11-09 11:15:32] 
[2025-11-09 11:15:32] 200
[2025-11-09 11:25:24] {"field":"id","field_value":"20","option":"get_sip_user"}
[2025-11-09 11:25:24] {"success":true,"result":{"id":20,"id_user":21,"SIP user":"ldata","callerid":"193093893802","Username":"ldata"}}
[2025-11-09 11:25:24] 
[2025-11-09 11:25:24] 200
[2025-11-09 11:27:16] {"field":"id","field_value":"20","option":"get_sip_user"}
[2025-11-09 11:27:16] {"success":true,"result":{"id":20,"id_user":21,"SIP user":"ldata","callerid":"193093893802","Username":"ldata"}}
[2025-11-09 11:27:16] 
[2025-11-09 11:27:16] 200
[2025-11-09 11:30:12] {"field":"id","field_value":"20","option":"get_sip_user"}
[2025-11-09 11:30:12] {"success":true,"result":{"id":20,"id_user":21,"SIP user":"ldata","callerid":"193093893802","Username":"ldata"}}
[2025-11-09 11:30:12] 
[2025-11-09 11:30:12] 200
[2025-11-09 11:45:58] {"field":"id","field_value":"20","option":"get_sip_user"}
[2025-11-09 11:45:58] {"success":true,"result":{"id":20,"id_user":21,"SIP user":"ldata","callerid":"193093893802","Username":"ldata"}}
[2025-11-09 11:45:58] 
[2025-11-09 11:45:58] 200
[2025-11-09 11:50:30] {"field":"id","field_value":"20","option":"get_sip_user"}
[2025-11-09 11:50:30] {"success":true,"result":{"id":20,"id_user":21,"SIP user":"ldata","callerid":"193093893802","Username":"ldata"}}
[2025-11-09 11:50:30] 
[2025-11-09 11:50:30] 200
[2025-11-09 12:07:08] {"field":"id","field_value":"20","option":"get_sip_user"}
[2025-11-09 12:07:08] {"success":true,"result":{"id":20,"id_user":21,"SIP user":"ldata","callerid":"193093893802","Username":"ldata"}}
[2025-11-09 12:07:08] 
[2025-11-09 12:07:08] 200
[2025-11-09 12:21:09] {"field":"id","field_value":"20","option":"get_sip_user"}
[2025-11-09 12:21:09] {"success":true,"result":{"id":20,"id_user":21,"SIP user":"ldata","callerid":"193093893802","Username":"ldata"}}
[2025-11-09 12:21:09] 
[2025-11-09 12:21:09] 200
[2025-11-09 12:26:16] {"field":"id","field_value":"20","option":"get_sip_user"}
[2025-11-09 12:26:16] {"success":true,"result":{"id":20,"id_user":21,"SIP user":"ldata","callerid":"193093893802","Username":"ldata"}}
[2025-11-09 12:26:16] 
[2025-11-09 12:26:16] 200
[2025-11-25 20:00:42] {"field":"id","field_value":"20","option":"get_sip_user"}
[2025-11-25 20:00:42] {"success":true,"result":{"id":20,"id_user":21,"SIP user":"ldata","callerid":"193093893802","Username":"ldata"}}
[2025-11-25 20:00:42] 
[2025-11-25 20:00:42] 200
[2025-11-25 20:18:04] {"field":"id","field_value":"20","option":"get_sip_user"}
[2025-11-25 20:18:04] {"success":true,"result":{"id":20,"id_user":21,"SIP user":"ldata","callerid":"193093893802","Username":"ldata"}}
[2025-11-25 20:18:04] 
[2025-11-25 20:18:04] 200
[2025-11-25 20:53:29] {"field":"id","field_value":"20","option":"get_sip_user"}
[2025-11-25 20:53:29] {"success":true,"result":{"id":20,"id_user":21,"SIP user":"ldata","callerid":"193093893802","Username":"ldata"}}
[2025-11-25 20:53:29] 
[2025-11-25 20:53:29] 200
[2025-11-25 20:54:48] {"field":"id","field_value":"20","option":"get_sip_user"}
[2025-11-25 20:54:48] {"success":true,"result":{"id":20,"id_user":21,"SIP user":"ldata","callerid":"193093893802","Username":"ldata"}}
[2025-11-25 20:54:48] 
[2025-11-25 20:54:48] 200
[2025-11-28 03:46:02] {"field":"id","field_value":"20","option":"get_sip_user"}
[2025-11-28 03:46:02] {"success":true,"result":{"id":20,"id_user":21,"SIP user":"ldata","callerid":"193093893802","Username":"ldata"}}
[2025-11-28 03:46:02] 
[2025-11-28 03:46:02] 200
[2025-11-28 03:46:53] {"field":"id","field_value":"20","option":"get_sip_user"}
[2025-11-28 03:46:53] {"success":true,"result":{"id":20,"id_user":21,"SIP user":"ldata","callerid":"193093893802","Username":"ldata"}}
[2025-11-28 03:46:53] 
[2025-11-28 03:46:53] 200
[2025-11-28 03:47:57] {"field":"id","field_value":"20","option":"get_sip_user"}
[2025-11-28 03:47:57] {"success":true,"result":{"id":20,"id_user":21,"SIP user":"ldata","callerid":"193093893802","Username":"ldata"}}
[2025-11-28 03:47:57] 
[2025-11-28 03:47:57] 200
[2025-11-28 03:48:51] {"field":"id","field_value":"20","option":"get_sip_user"}
[2025-11-28 03:48:51] {"success":true,"result":{"id":20,"id_user":21,"SIP user":"ldata","callerid":"193093893802","Username":"ldata"}}
[2025-11-28 03:48:51] 
[2025-11-28 03:48:51] 200
[2025-11-28 03:58:48] {"field":"id","field_value":"20","option":"get_sip_user"}
[2025-11-28 03:58:48] <?xml version="1.0" encoding="UTF-8"?>
<error>
<code>125002</code>
<message></message>
</error>

[2025-11-28 03:58:48] 
[2025-11-28 03:58:48] 200
[2025-11-28 04:02:07] {"field":"id","field_value":"20","option":"get_sip_user"}
[2025-11-28 04:02:07] {"success":true,"result":{"id":20,"id_user":21,"SIP user":"ldata","callerid":"193093893802","Username":"ldata"}}
[2025-11-28 04:02:07] 
[2025-11-28 04:02:07] 200
[2025-11-28 04:04:15] {"field":"id","field_value":"20","option":"get_sip_user"}
[2025-11-28 04:04:15] {"success":true,"result":{"id":20,"id_user":21,"SIP user":"ldata","callerid":"193093893802","Username":"ldata"}}
[2025-11-28 04:04:15] 
[2025-11-28 04:04:15] 200
[2025-11-28 04:05:49] {"field":"id","field_value":"20","option":"get_sip_user"}
[2025-11-28 04:05:49] {"success":true,"result":{"id":20,"id_user":21,"SIP user":"ldata","callerid":"193093893802","Username":"ldata"}}
[2025-11-28 04:05:49] 
[2025-11-28 04:05:49] 200
